// Jest Snapshot v1, https://goo.gl/fbAQLP

exports[`doesn't work without children 1`] = `"React.Children.only expected to receive a single React element child."`;

exports[`doesn't work without giving Store 1`] = `"react-topdown: Expected the Store to be a PlainObject"`;

exports[`work fine with PlainObject Store 1`] = `
<div>
  elm
</div>
`;

exports[`work fine with PlainObject Store 2`] = `
<div>
  elm
</div>
`;

exports[`work fine with PlainObject Store 3`] = `
<div>
  elm
</div>
`;

exports[`work fine with PlainObject Store 4`] = `
<div>
  elm
</div>
`;
